// Jest Snapshot v1, https://goo.gl/fbAQLP

exports[`v2 Search API Tests #createRequestOptions should call request with requestOptions 1`] = `undefined`;
